- Translation: {
    NSColor = "UIExtendedGrayColorSpace 0.333333 1";
}<StraÃŸe>{
    NSColor = "UIExtendedSRGBColorSpace 0 0 1 1";
} is German for {
    NSColor = "UIExtendedGrayColorSpace 0.333333 1";
}Street{
    NSColor = "UIExtendedSRGBColorSpace 0 0 1 1";
}.{
    NSColor = "UIExtendedGrayColorSpace 0.333333 1";
}
